14:30:50 [@astrojs/cloudflare] Enabling sessions with Cloudflare KV with the "SESSION" KV binding.
14:30:50 [@astrojs/cloudflare] If you see the error "Invalid binding `SESSION`" in your build output, you need to add the binding to your wrangler config file.
14:30:50 [WARN] [adapter] Cloudflare does not support sharp at runtime. However, you can configure `imageService: "compile"` to optimize images with sharp on prerendered pages during build time.
14:30:50 [content] Syncing content
14:30:50 [content] Synced content
14:30:50 [types] Generated 468ms
14:30:50 [check] Getting diagnostics for Astro files in /Users/kaka/Dev/Killer-Skills...
[96mconfig/locales.mjs[0m:[93m28[0m:[93m65[0m - [91merror[0m[90m ts(2345): [0mArgument of type 'string' is not assignable to parameter of type '"en" | "zh" | "ja" | "ko" | "es" | "fr" | "de" | "pt" | "ru" | "ar"'.

[7m28[0m   return typeof locale === 'string' && SUPPORTED_LOCALE_SET.has(locale);
[7m  [0m [91m                                                                ~~~~~~[0m

[96msrc/middleware.property.test.ts[0m:[93m487[0m:[93m20[0m - [91merror[0m[90m ts(2554): [0mExpected 3 arguments, but got 1.

[7m487[0m     const result = checkAdminAuth(authHeader);
[7m   [0m [91m                   ~~~~~~~~~~~~~~[0m

[96msrc/components/CommandBar.tsx[0m:[93m28[0m:[93m60[0m - [93mwarning[0m[90m ts(6385): [0m'platform' is deprecated.

[7m28[0m   const isMac = typeof window !== 'undefined' && navigator.platform.toUpperCase().indexOf('MAC') >= 0;
[7m  [0m [93m                                                           ~~~~~~~~[0m
[96msrc/components/CommandBar.tsx[0m:[93m28[0m:[93m9[0m - [93mwarning[0m[90m ts(6133): [0m'isMac' is declared but its value is never read.

[7m28[0m   const isMac = typeof window !== 'undefined' && navigator.platform.toUpperCase().indexOf('MAC') >= 0;
[7m  [0m [93m        ~~~~~[0m
[96msrc/components/CommandBar.tsx[0m:[93m2[0m:[93m18[0m - [93mwarning[0m[90m ts(6133): [0m'Command' is declared but its value is never read.

[7m2[0m import { Search, Command, CornerDownLeft, X, Bot, Star, Terminal } from 'lucide-react';
[7m [0m [93m                 ~~~~~~~[0m

[96msrc/components/SkillRelated.astro[0m:[93m63[0m:[93m76[0m - [91merror[0m[90m ts(2322): [0mType '(key: string, fallback?: string | undefined) => string' is not assignable to type '(key: string, params?: Record<string, string> | undefined) => string'.
  Types of parameters 'fallback' and 'params' are incompatible.
    Type 'Record<string, string> | undefined' is not assignable to type 'string | undefined'.
      Type 'Record<string, string>' is not assignable to type 'string'.

[7m63[0m               <SkillCard skill={skill} locale={locale} messages={messages} t={t} />
[7m  [0m [91m                                                                           ~[0m

[96msrc/islands/SubmitSkillModal.tsx[0m:[93m47[0m:[93m42[0m - [93mwarning[0m[90m ts(6385): [0m'FormEvent' is deprecated.

[7m47[0m   const handleValidate = async (e: React.FormEvent) => {
[7m  [0m [93m                                         ~~~~~~~~~[0m
[96msrc/islands/SubmitSkillModal.tsx[0m:[93m1[0m:[93m20[0m - [93mwarning[0m[90m ts(6133): [0m'useRef' is declared but its value is never read.

[7m1[0m import { useState, useRef, useEffect } from 'react';
[7m [0m [93m                   ~~~~~~[0m

[96msrc/layouts/Layout.astro[0m:[93m46[0m:[93m5[0m - [93mwarning[0m[90m ts(6133): [0m't' is declared but its value is never read.

[7m46[0m let t = (k: string) => k;
[7m  [0m [93m    ~[0m
[96msrc/layouts/Layout.astro[0m:[93m86[0m:[93m20[0m - [93mwarning[0m[90m ts(6133): [0m'media' is declared but its value is never read.

[7m86[0m       onload="this.media='all'"
[7m  [0m [93m                   ~~~~~[0m

[96msrc/lib/kv.property.test.ts[0m:[93m63[0m:[93m5[0m - [91merror[0m[90m ts(2741): [0mProperty 'connect' is missing in type 'Fetcher' but required in type '{ fetch(input: URL | RequestInfo, init?: RequestInit<CfProperties<unknown>> | undefined): Promise<Response>; connect(address: string | SocketAddress, options?: SocketOptions | undefined): Socket; }'.

[7m63[0m     ASSETS: {} as Fetcher,
[7m  [0m [91m    ~~~~~~[0m
[96msrc/lib/kv.property.test.ts[0m:[93m52[0m:[93m5[0m - [91merror[0m[90m ts(2741): [0mProperty 'connect' is missing in type 'Fetcher' but required in type '{ fetch(input: URL | RequestInfo, init?: RequestInit<CfProperties<unknown>> | undefined): Promise<Response>; connect(address: string | SocketAddress, options?: SocketOptions | undefined): Socket; }'.

[7m52[0m     ASSETS: {} as Fetcher,
[7m  [0m [91m    ~~~~~~[0m

[96msrc/pages/public-links.test.ts[0m:[93m740[0m:[93m27[0m - [91merror[0m[90m ts(2339): [0mProperty 'seoTitle' does not exist on type '{ title: string; official: string; officialDesc: string; featured: string; featuredDesc: string; latest: string; latestDesc: string; allPurpose: string; allPurposeDesc: string; discover: string; ... 11 more ...; popular: string; }'.

[7m740[0m     expect(zh.Marketplace.seoTitle).toContain('可安装 AI Agent Skills');
[7m   [0m [91m                          ~~~~~~~~[0m
[96msrc/pages/public-links.test.ts[0m:[93m739[0m:[93m27[0m - [91merror[0m[90m ts(2339): [0mProperty 'seoTitle' does not exist on type '{ title: string; official: string; officialDesc: string; featured: string; featuredDesc: string; latest: string; latestDesc: string; allPurpose: string; allPurposeDesc: string; discover: string; ... 11 more ...; popular: string; }'.

[7m739[0m     expect(en.Marketplace.seoTitle).toContain('Installable AI Agent Skills');
[7m   [0m [91m                          ~~~~~~~~[0m
[96msrc/pages/public-links.test.ts[0m:[93m79[0m:[93m22[0m - [91merror[0m[90m ts(2339): [0mProperty 'subscribeBtn' does not exist on type '{ desc: string; product: string; resources: string; stayUpdated: string; subscribeDesc: string; emailPlaceholder: string; browse: string; docs: string; cli: string; integrations: string; community: string; ... 7 more ...; categories: string; }'.

[7m79[0m     expect(zh.Footer.subscribeBtn).toBe('订阅');
[7m  [0m [91m                     ~~~~~~~~~~~~[0m
[96msrc/pages/public-links.test.ts[0m:[93m78[0m:[93m22[0m - [91merror[0m[90m ts(2339): [0mProperty 'subscribeBtn' does not exist on type '{ desc: string; product: string; resources: string; stayUpdated: string; subscribeDesc: string; emailPlaceholder: string; browse: string; categories: string; docs: string; cli: string; integrations: string; ... 7 more ...; rights: string; }'.

[7m78[0m     expect(en.Footer.subscribeBtn).toBe('Subscribe');
[7m  [0m [91m                     ~~~~~~~~~~~~[0m
[96msrc/pages/public-links.test.ts[0m:[93m77[0m:[93m20[0m - [91merror[0m[90m ts(2339): [0mProperty 'seoIntro' does not exist on type '{ heroTitle: string; heroTitleHighlight: string; heroBadge: string; heroDesc1: string; heroDesc2: string; searchPlaceholder: string; searchButton: string; tags: string[]; featuresTitle: string; ... 23 more ...; faq5A: string; }'.

[7m77[0m     expect(zh.Home.seoIntro).toContain('开源');
[7m  [0m [91m                   ~~~~~~~~[0m
[96msrc/pages/public-links.test.ts[0m:[93m76[0m:[93m20[0m - [91merror[0m[90m ts(2339): [0mProperty 'seoIntro' does not exist on type '{ heroTitle: string; heroTitleHighlight: string; heroBadge: string; heroDesc1: string; heroDesc2: string; searchPlaceholder: string; searchButton: string; tags: string[]; featuresTitle: string; ... 23 more ...; faq5A: string; }'.

[7m76[0m     expect(en.Home.seoIntro).toContain('open-source directory');
[7m  [0m [91m                   ~~~~~~~~[0m

[96msrc/pages/[locale]/blog/category/[category].astro[0m:[93m35[0m:[93m7[0m - [93mwarning[0m[90m ts(6133): [0m'typedLocale' is declared but its value is never read.

[7m35[0m const typedLocale = locale as Locale;
[7m  [0m [93m      ~~~~~~~~~~~[0m

[96msrc/pages/[locale]/docs/[...slug].astro[0m:[93m47[0m:[93m59[0m - [91merror[0m[90m ts(7005): [0mVariable 'messages' implicitly has an 'any' type.

[7m47[0m const tr = (key: string, fallback: string) => translateOr(messages || {}, key, fallback);
[7m  [0m [91m                                                          ~~~~~~~~[0m
[96msrc/pages/[locale]/docs/[...slug].astro[0m:[93m39[0m:[93m5[0m - [91merror[0m[90m ts(7034): [0mVariable 'messages' implicitly has type 'any' in some locations where its type cannot be determined.

[7m39[0m let messages;
[7m  [0m [91m    ~~~~~~~~[0m

[96msrc/pages/[locale]/skills/[owner]/[...repo].astro[0m:[93m1069[0m:[93m7[0m - [91merror[0m[90m ts(2322): [0mType '(key: string, fallback: string) => string' is not assignable to type '(key: string, fallback?: string | undefined) => string'.
  Types of parameters 'fallback' and 'fallback' are incompatible.
    Type 'string | undefined' is not assignable to type 'string'.
      Type 'undefined' is not assignable to type 'string'.

[7m1069[0m       tr={tr}
[7m    [0m [91m      ~~[0m
[96msrc/pages/[locale]/skills/[owner]/[...repo].astro[0m:[93m902[0m:[93m24[0m - [91merror[0m[90m ts(2304): [0mCannot find name 'Bot'.

[7m902[0m                       <Bot size={28} strokeWidth={3} />
[7m   [0m [91m                       ~~~[0m
[96msrc/pages/[locale]/skills/[owner]/[...repo].astro[0m:[93m684[0m:[93m30[0m - [91merror[0m[90m ts(2304): [0mCannot find name 'ChevronRight'.

[7m684[0m                             <ChevronRight size={16} strokeWidth={3} className="shrink-0 mt-0.5" />
[7m   [0m [91m                             ~~~~~~~~~~~~[0m
[96msrc/pages/[locale]/skills/[owner]/[...repo].astro[0m:[93m22[0m:[93m1[0m - [93mwarning[0m[90m ts(6133): [0m'SkillCard' is declared but its value is never read.

[7m22[0m import SkillCard from '../../../../components/SkillCard.astro';
[7m  [0m [93m~~~~~~~~~~~~~~~~~~~~~~~~~~~~~~~~~~~~~~~~~~~~~~~~~~~~~~~~~~~~~~~[0m
[96msrc/pages/[locale]/skills/[owner]/[...repo].astro[0m:[93m8[0m:[93m35[0m - [93mwarning[0m[90m ts(6133): [0m'getCollectionCanonicalSlug' is declared but its value is never read.

[7m8[0m import { getCanonicalCollections, getCollectionCanonicalSlug } from '../../../../lib/collection-slugs';
[7m [0m [93m                                  ~~~~~~~~~~~~~~~~~~~~~~~~~~[0m

Result (173 files): 
- 16 errors
- 0 warnings
- 10 hints

